---
source: tui/src/render.rs
assertion_line: 2979
expression: snapshot
---
 GRID PLATFORM  快 照 失 败   第  1 次 重 试 ， 1000ms 后 执 行                                                 
 概 览    网 格    行 情    事 件    帮 助                                                                    
                                                                                                    
┌ 价 格  ──────────────────────────┐┌ 连 接  ─────────────────────────┐┌ 运 行 时  ───────────────────────┐
│                                ││                               ││                               │
│                                ││                               ││                               │
│                                ││                               ││                               │
│                           ┌ 首 个 快 照 获 取 失 败  ────────────────────────────────────────────────────┐
│                           │                      1000ms 后 进 行 第  1 次 重 试 。                       │
│                           │                        错 误 ： upstream timeout                        │
│                           │                   重 试 完 成 前 ， p/r/c/f/s 仍 不 可 用 。                    │
│                           │                                                                      │
│                           │                                                                      │
└───────────────────────────└──────────────────────────────────────────────────────────────────────┘
────────────────────────────────────────────────────────────────────────────────────────────────────
 快 照 失 败 ， 1000ms 后 重 试  | p/r/c/f/s 不 可 用
