---
source: tui/src/render.rs
assertion_line: 2028
expression: snapshot
---
 GRID PLATFORM  SNAPSHOT FAILED  retry 1 in 1000ms                                                  
 Dashboard   Grid   Market   Events   Help                                                          
                                                                                                    
┌ Tape ──────────────────────────┐┌ Connectivity ─────────────────┐┌ Runtime ──────────────────────┐
│首 次 快 照 获 取 失 败                 ││首 次 快 照 获 取 失 败                ││首 次 快 照 获 取 失 败                │
│第  1 次 重 试 ， 1000ms 后 再 次 获 取 。 ││第  1 次 重 试 ， 1000ms 后 再 次 获 取 。 │第  1 次 重 试 ， 1000ms 后 再 次 获 取 。 
│错 误 ： upstream timeout          ││错 误 ： upstream timeout         ││错 误 ： upstream timeout         │
│p/r/c/f/s                       ││p/r/c/f/s                      ││p/r/c/f/s                      │
│已 禁 用 ， 等 待 重 试 后 再 操 作 。       ││已 禁 用 ， 等 待 重 试 后 再 操 作 。      ││已 禁 用 ， 等 待 重 试 后 再 操 作 。      │
│当 前 面 板 ： Tape                  ││当 前 面 板 ： Connectivity         ││当 前 面 板 ： Runtime              │
│                                ││                               ││                               │
│                                ││                               ││                               │
│                                ││                               ││                               │
└────────────────────────────────┘└───────────────────────────────┘└───────────────────────────────┘
────────────────────────────────────────────────────────────────────────────────────────────────────
 首 次 快 照 失 败 ， 1000ms 后 重 试  | p/r/c/f/s 已 禁 用
