---
source: tui/src/render.rs
assertion_line: 2030
expression: snapshot
---
 GRID PLATFORM  SNAPSHOT FAILED  retry 1 in 1000ms                                                  
 Dashboard   Grid   Market   Events   Help                                                          
                                                                                                    
┌ Execution Focus ─────────────────────────────────────┐┌ Risk + Alerts ───────────────────────────┐
│首 次 快 照 获 取 失 败                                       ││首 次 快 照 获 取 失 败                           │
│第  1 次 重 试 ， 1000ms 后 再 次 获 取 。                       ││第  1 次 重 试 ， 1000ms 后 再 次 获 取 。           │
└──────────────────────────────────────────────────────┘└──────────────────────────────────────────┘
┌ Open Orders ─────────────────────────────────────────┐┌ Market + Health ─────────────────────────┐
│首 次 快 照 获 取 失 败                                       ││首 次 快 照 获 取 失 败                           │
│第  1 次 重 试 ， 1000ms 后 再 次 获 取 。                       ││第  1 次 重 试 ， 1000ms 后 再 次 获 取 。           │
└──────────────────────────────────────────────────────┘└──────────────────────────────────────────┘
┌ Recent Fills ────────────────────────────────────────┐┌ Command Timeline ────────────────────────┐
│首 次 快 照 获 取 失 败                                       ││首 次 快 照 获 取 失 败                           │
└──────────────────────────────────────────────────────┘└──────────────────────────────────────────┘
────────────────────────────────────────────────────────────────────────────────────────────────────
 首 次 快 照 失 败 ， 1000ms 后 重 试  | p/r/c/f/s 已 禁 用
