---
source: tui/src/render.rs
assertion_line: 2937
expression: snapshot
---
 GRID PLATFORM  等 待 快 照   等 待 首 个 快 照                                                               
 概 览    网 格    行 情    事 件    帮 助                                                                    
                                                                                                    
┌ 快 捷 键  ─────────────────────────────────────────────┐┌ 术 语 说 明  ─────────────────────────────────┐
│1 概 览    2 网 格    3 行 情    4 事 件    ? 帮 助            ││焦 点   快 捷 键                                │
│Tab / Shift-Tab 在 当 前 页 面 的 面 板 之 间 切 换 焦 点 。        ││健 康   服 务 重 连 中                            │
│[/] 切 实 例    p 暂 停    r 恢 复    l 语 言                 ││策 略 订 单 ： 当 前 仍 然 挂 着 的 真 实 策 略 单 。        │
│c 取 消 全 部    f 立 即 平 仓    s 平 仓 后 停 机                ││交 易 所 挂 单 ： 仅 在 存 在 实 时 交 易 所 数 据 时 显 示 。  │
│Enter 确 认 高 风 险 操 作 ； Esc 或  n 取 消 。                 ││> 当 前    * 默 认 。                           │
│q / Ctrl-C 只 退 出 客 户 端 ； 服 务 端 会 继 续 运 行 。           ││PENDING / ACCEPTED / ACK / FAILED / TIMED  │
│                                                     ││OUT： 命 令 阶 段 。                             │
│                                                     ││HEALTHY / DEGRADED / STALE /               │
│                                                     ││RECONNECTING： 健 康 状 态 。                    │
└─────────────────────────────────────────────────────┘└───────────────────────────────────────────┘
────────────────────────────────────────────────────────────────────────────────────────────────────
 等 待 快 照  | p/r/c/f/s 不 可 用  | 1-4 切 页  ? 帮 助
