---
source: tui/src/render.rs
expression: snapshot
---
 GRID PLATFORM  XAUUSDT testnet running  HEALTHY  stale 0ms  Focus Execution Focus  Pending 0                           
 Dashboard   Grid   Market   Events   Help                                                                              
                                                                                                                        
                                                                                                                        
┌ Execution Focus ───────────────────────────────────────────────────────┐┌ Risk + Alerts ─────────────────────────────┐
│Pos  0.250 @ 2354.20   U  1.84   R  14.52                               ││Level  Watch   Breaker  OFF                 │
│Exchange  N/A   Pending  0   Health  HEALTHY                            ││Notional  590/1500   Stop  4.0%             │
└────────────────────────────────────────────────────────────────────────┘└────────────────────────────────────────────┘
┌ Exchange Orders ───────────────────────────────────────────────────────┐┌ Market + Health ───────────────────────────┐
│Current mode exposes strategy-order mirrors only.                       ││Last  2361.48   Mark  2361.55               │
│Live exchange-order queries are not enabled.                            ││Svc WS  UP   Mkt WS  UP   stale 0ms         │
└────────────────────────────────────────────────────────────────────────┘└────────────────────────────────────────────┘
┌ Recent Fills ──────────────────────────────────────────────────────────┐┌ Command Timeline ──────────────────────────┐
│BUY 2349.10 x 0.050  pnl +2.51                                          ││ ACK  PAUSE                                 │
│                                                                        ││ FAILED  FLATTEN NOW                        │
└────────────────────────────────────────────────────────────────────────┘└────────────────────────────────────────────┘
────────────────────────────────────────────────────────────────────────────────────────────────────────────────────────
 Focus Execution Focus | 1-4 pages ? help | Tab/Shift-Tab panels | p/r runtime | c/f/s danger ops | Enter/Esc modal
