---
source: tui/src/render.rs
assertion_line: 2207
expression: snapshot
---
 GRID PLATFORM  XAUUSDT testnet running  SERVICE RECONNECTING  Focus Tape                           
 Dashboard   Grid   Market   Events   Help                                                          
                                                                                                    
┌ Tape ──────────────────────────┐┌ Connectivity ─────────────────┐┌ Runtime ──────────────────────┐
│Last  2361.48                   ││Service WS  DOWN   HTTP  DOWN  ││Session  regular               │
│Mark  2361.55                   ││Market WS  DOWN   User WS  DOWN││Heartbeat  2025-01-01T00:00:00Z│
│Basis  +0.07                    ││Latency  42ms   Stale  12000ms ││Strategy  running              │
│                                ││Retry  3   Market Backoff      ││                               │
│                                ││4000ms                         ││                               │
│                                ││Mode  SERVICE RECONNECTING     ││                               │
│                                ││Service control-plane WebSocket││                               │
│                                ││is down. Wait for the client   ││                               │
│                                ││stream to recover.             ││                               │
└────────────────────────────────┘└───────────────────────────────┘└───────────────────────────────┘
────────────────────────────────────────────────────────────────────────────────────────────────────
 Focus Tape | Tab panels | p/r run | c/f/s danger | Enter/Esc
