---
source: tui/src/render.rs
assertion_line: 2937
expression: snapshot
---
 GRID PLATFORM  XAUUSDT testnet running  SERVICE RECONNECTING  Focus Tape                           
 Dashboard   Grid   Market   Events   Help                                                          
                                                                                                    
┌ Tape ──────────────────────────┐┌ Connectivity ─────────────────┐┌ Runtime ──────────────────────┐
│Last  2361.48                   ││Service WS   DOWN    HTTP      ││Session  regular               │
│Mark  2361.55                   ││DOWN                           ││Heartbeat  12s ago             │
│Basis  +0.07                    ││Market WS   DOWN    User WS    ││Strategy  running              │
│                                ││DOWN                           ││                               │
│                                ││Stale  12000ms   Retry  3      ││Instances Env testnet · 1/1    │
│                                ││Market Backoff  4000ms         ││> XAUUSDT · testnet            │
│                                ││Mode   SERVICE RECONNECTING    ││                               │
│                                ││service ws retry 3 in 4000ms   ││                               │
│                                ││                               ││                               │
└────────────────────────────────┘└───────────────────────────────┘└───────────────────────────────┘
────────────────────────────────────────────────────────────────────────────────────────────────────
 Focus Tape | Tab panels | p/r run | c/f/s danger | Enter/Esc
