---
source: tui/src/render.rs
assertion_line: 2334
expression: snapshot
---
 GRID PLATFORM  XAUUSDT testnet running  HEALTHY  Focus Strategy Orders         
────────────────────────────────────────────────────────────────────────────────
 Dashboard   Grid   Market   Events   Help                                      
                                                                                
                                                                                
┌ Strategy Orders ─────────────────────────────────────────────────────────────┐
│Side   Price      Qty      Strategy   Placement                               │
│BUY    2336.68    0.100    Occupied   N/A                                     │
│BUY    2344.95    0.100    Occupied   N/A                                     │
│BUY    2353.21    0.100    Occupied   N/A                                     │
└──────────────────────────────────────────────────────────────────────────────┘
┌ Grid Summary ────────────────────────────────────────────────────────────────┐
│Status  OCCUPIED                                                              │
│Lower  2336.68   Upper  2386.28                                               │
│Center  2361.48   Span  2.10%                                                 │
└──────────────────────────────────────────────────────────────────────────────┘
┌ Operator Notes ──────────────────────────────────────────────────────────────┐
│Current Price  2361.48                                                        │
│Session  regular                                                              │
│Health  HEALTHY                                                               │
│Breaker  OFF                                                                  │
└──────────────────────────────────────────────────────────────────────────────┘
────────────────────────────────────────────────────────────────────────────────
 Focus Strategy Orders | Tab panels | p/r run | c/f/s danger | Enter/Esc
