---
source: tui/src/render.rs
assertion_line: 2514
expression: snapshot
---
 GRID PLATFORM  XAUUSDT testnet running  HEALTHY  Focus Tape                                        
 Dashboard   Grid   Market   Events   Help                                                          
                                                                                                    
┌ Tape ──────────────────────────┐┌ Connectivity ─────────────────┐┌ Runtime ──────────────────────┐
│Last  2361.48                   ││Service WS  UP   HTTP  UP      ││Session  regular               │
│Mark  2361.55                   ││Market WS  UP   User WS  N/A   ││Heartbeat  2025-01-01T00:00:00Z│
│Basis  +0.07                    ││Stale  0ms   Retry  0          ││Strategy  running              │
│                                ││Market Backoff  0ms            ││                               │
│                                ││Mode  HEALTHY                  ││Instances Env testnet · Default│
│                                ││Service and Binance streams are││XAUUSDT · Current XAUUSDT      │
│                                ││both healthy.                  ││> XAUUSDT · testnet            │
│                                ││                               ││                               │
│                                ││                               ││                               │
└────────────────────────────────┘└───────────────────────────────┘└───────────────────────────────┘
────────────────────────────────────────────────────────────────────────────────────────────────────
 Focus Tape | Tab panels | p/r run | c/f/s danger | Enter/Esc
