---
source: tui/src/render.rs
assertion_line: 2512
expression: snapshot
---
 GRID PLATFORM  WAITING SNAPSHOT  Waiting for first snapshot                                        
 Dashboard   Grid   Market   Events   Help                                                          
                                                                                                    
┌ Execution Focus ─────────────────────────────────────┐┌ Risk + Alerts ───────────────────────────┐
│Initial snapshot pending                              ││Initial snapshot pending                  │
│Waiting for /instances and                            ││Waiting for /instances and                │
└──────────────────────────────────────────────────────┘└──────────────────────────────────────────┘
┌ Open Orders ─────────────────────────────────────────┐┌ Market + Health ─────────────────────────┐
│Initial snapshot pending                              ││Initial snapshot pending                  │
│Waiting for /instances and                            ││Waiting for /instances and                │
└──────────────────────────────────────────────────────┘└──────────────────────────────────────────┘
┌ Recent Fills ────────────────────────────────────────┐┌ Command Timeline ────────────────────────┐
│Initial snapshot pending                              ││Initial snapshot pending                  │
└──────────────────────────────────────────────────────┘└──────────────────────────────────────────┘
────────────────────────────────────────────────────────────────────────────────────────────────────
 Snapshot pending | p/r/c/f/s disabled | 1-4 pages ? help
