---
source: tui/src/render.rs
expression: snapshot
---
 GRID PLATFORM  XAUUSDT testnet running  SERVICE RECONNECTING  Focus Fills      
────────────────────────────────────────────────────────────────────────────────
 Dashboard   Grid   Market   Events   Help                                      
                                                                                
                                                                                
┌ Fills (1) ───────────────────────────┐┌ Alerts (2) ──────────────────────────┐
│BUY 2349.10 x 0.050                   ││BREAKER_NEAR Daily loss is close to br│
│                                      ││Review the risk configuration before r│
│                                      ││MARGIN_USAGE_WATCH Margin usage reache│
│                                      ││Review the risk configuration before r│
│                                      ││                                      │
│                                      ││                                      │
│                                      ││                                      │
└──────────────────────────────────────┘└──────────────────────────────────────┘
┌ Commands (3) ────────────────────────┐┌ System (2) · pending 1 ──────────────┐
│ ACCEPTED  SHUTDOWN  · accepted, waiti││[info] WebSocket connected and streami│
│ ACK  PAUSE  · completed              ││[info] Initial runtime snapshot loaded│
│                                      ││                                      │
│                                      ││                                      │
│                                      ││                                      │
│                                      ││                                      │
└──────────────────────────────────────┘└──────────────────────────────────────┘
────────────────────────────────────────────────────────────────────────────────
 Focus Fills | Tab panels | p/r run | c/f/s danger | Enter/Esc
