---
source: tui/src/render.rs
expression: snapshot
---
 GRID PLATFORM  XAUUSDT testnet running  HEALTHY  Focus Active Grid Levels      
────────────────────────────────────────────────────────────────────────────────
 Dashboard   Grid   Market   Events   Help                                      
                                                                                
                                                                                
┌ Active Grid Levels ──────────────────────────────────────────────────────────┐
│Side   Price      Qty      bps      Status                                    │
│BUY    2336.68    0.100    -105.0   OCCUPIED                                  │
│BUY    2344.95    0.100    -70.0    OCCUPIED                                  │
│BUY    2353.21    0.100    -35.0    OCCUPIED                                  │
└──────────────────────────────────────────────────────────────────────────────┘
┌ Grid Summary ────────────────────────────────────────────────────────────────┐
│Status  OCCUPIED                                                              │
│Lower  2336.76   Upper  2386.20                                               │
│Center  2361.48   Span  2.09%                                                 │
└──────────────────────────────────────────────────────────────────────────────┘
┌ Operator Notes ──────────────────────────────────────────────────────────────┐
│Current Price  2361.48                                                        │
│Session  regular                                                              │
│Health  HEALTHY                                                               │
│Breaker  OFF                                                                  │
└──────────────────────────────────────────────────────────────────────────────┘
────────────────────────────────────────────────────────────────────────────────
 Focus Active Grid Levels | Tab panels | p/r run | c/f/s danger | Enter/Esc
