---
source: tui/src/render.rs
assertion_line: 2334
expression: snapshot
---
 GRID PLATFORM  XAUUSDT testnet running  HEALTHY  Focus Strategy Orders                             
 Dashboard   Grid   Market   Events   Help                                                          
                                                                                                    
┌ Strategy Orders ─────────────────────────────────────────────┐┌ Grid Summary ────────────────────┐
│Side   Price      Qty      Strategy   Placement               ││Status  OCCUPIED                  │
│BUY    2336.68    0.100    Occupied   N/A                     ││Lower  2336.68   Upper  2386.28   │
│BUY    2344.95    0.100    Occupied   N/A                     ││Center  2361.48   Span  2.10%     │
│BUY    2353.21    0.100    Occupied   N/A                     ││Active  3   Occupied  3   Pending │
│SELL   2369.75    0.100    Active     Unknown                 │└──────────────────────────────────┘
│SELL   2378.01    0.100    Active     Unknown                 │┌ Operator Notes ──────────────────┐
│SELL   2386.28    0.100    Active     Unknown                 ││Current Price  2361.48            │
│                                                              ││Session  regular                  │
│                                                              ││Health  HEALTHY                   │
└──────────────────────────────────────────────────────────────┘└──────────────────────────────────┘
────────────────────────────────────────────────────────────────────────────────────────────────────
 Focus Strategy Orders | Tab panels | p/r run | c/f/s danger | Enter/Esc
