---
source: tui/src/render.rs
assertion_line: 2497
expression: snapshot
---
 GRID PLATFORM  XAUUSDT testnet running  HEALTHY  Focus Strategy Orders                             
 Dashboard   Grid   Market   Events   Help                                                          
                                                                                                    
┌ Strategy Orders ─────────────────────────────────────────────┐┌ Grid Summary ────────────────────┐
│Side   Price      Qty      Status                             ││Status  OCCUPIED                  │
│                                                              ││Lower  2336.68   Upper  2386.28   │
│                                                              ││Center  2361.48   Span  2.10%     │
│                                                              ││Active  3   Occupied  3   Pending │
│                                                              │└──────────────────────────────────┘
│                                                              │┌ Operator Notes ──────────────────┐
│                                                              ││Current Price  2361.48            │
│                                                              ││Session  regular                  │
│                                                              ││Health  HEALTHY                   │
└──────────────────────────────────────────────────────────────┘└──────────────────────────────────┘
────────────────────────────────────────────────────────────────────────────────────────────────────
 Focus Strategy Orders | Tab panels | p/r run | c/f/s danger | Enter/Esc
