---
source: tui/src/render.rs
expression: snapshot
---
 GRID PLATFORM  XAUUSDT testnet running  HEALTHY  Focus Execution Focus         
────────────────────────────────────────────────────────────────────────────────
 Dashboard   Grid   Market   Events   Help                                      
                                                                                
                                                                                
┌ Execution Focus ──────────────────────────┐┌ Risk + Alerts ──────────────────┐
│Position  0.250 @ 2354.20                  ││Level  Watch   Breaker  OFF      │
│U-PnL  1.84   R-PnL  14.52                 ││Notional  590/1500   Stop  4.0%  │
│Exchange  N/A   Pending  0   Health        ││Alert  MARGIN_USAGE_WATCH        │
└───────────────────────────────────────────┘└─────────────────────────────────┘
┌ Exchange Orders ──────────────────────────┐┌ Market + Health ────────────────┐
│Current mode exposes strategy-order mirrors││Last  2361.48   Mark  2361.55    │
│only.                                      ││Service WS  UP   Market WS  UP   │
│Live exchange-order queries are not        ││Health  HEALTHY   stale 0ms      │
│enabled.                                   │└─────────────────────────────────┘
└───────────────────────────────────────────┘┌ Command Timeline ───────────────┐
┌ Recent Fills ─────────────────────────────┐│ ACK  PAUSE cmd_hist_0001        │
│BUY 2349.10 x 0.050  pnl +2.51             ││Strategy acknowledged pause and s│
│                                           ││req 2025-01-01T00:00:03Z -> acc 2│
│                                           ││                                 │
│                                           ││                                 │
└───────────────────────────────────────────┘└─────────────────────────────────┘
────────────────────────────────────────────────────────────────────────────────
 Focus Execution Focus | Tab panels | p/r run | c/f/s danger | Enter/Esc
