---
source: tui/src/render.rs
assertion_line: 2348
expression: snapshot
---
 GRID PLATFORM  XAUUSDT testnet running  健 康   焦 点  策 略 订 单                     
────────────────────────────────────────────────────────────────────────────────
 概 览    网 格    行 情    事 件    帮 助                                                
                                                                                
                                                                                
┌ 策 略 订 单  ────────────────────────────────────────────────────────────────────┐
│方 向    价 格        数 量      策 略        落 单                                     │
│BUY    2336.68    0.100    占 用        N/A                                     │
│BUY    2344.95    0.100    占 用        N/A                                     │
│BUY    2353.21    0.100    占 用        N/A                                     │
└──────────────────────────────────────────────────────────────────────────────┘
┌ 网 格 概 览  ────────────────────────────────────────────────────────────────────┐
│状 态   占 用                                                                     │
│下 界   2336.68   上 界   2386.28                                                 │
│中 心   2361.48   跨 度   2.10%                                                   │
└──────────────────────────────────────────────────────────────────────────────┘
┌ 操 作 备 注  ────────────────────────────────────────────────────────────────────┐
│当 前 价 格   2361.48                                                             │
│时 段   regular                                                                 │
│健 康   健 康                                                                     │
│熔 断   关                                                                       │
└──────────────────────────────────────────────────────────────────────────────┘
────────────────────────────────────────────────────────────────────────────────
 焦 点  策 略 订 单  | Tab 切 面 板  | p/r 运 行  | c/f/s 高 风 险  | Enter/Esc
