---
source: tui/src/render.rs
assertion_line: 2207
expression: snapshot
---
 GRID PLATFORM  XAUUSDT testnet running  SERVICE RECONNECTING  Focus Fills      
────────────────────────────────────────────────────────────────────────────────
 Dashboard   Grid   Market   Events   Help                                      
                                                                                
                                                                                
┌ Fills (1) ───────────────────────────┐┌ Alerts (2) ──────────────────────────┐
│BUY 2349.10 x 0.050                   ││BREAKER_NEAR Daily loss is close to br│
│                                      ││Review the risk configuration before r│
│                                      ││MARGIN_USAGE_WATCH Margin usage reache│
│                                      ││Review the risk configuration before r│
│                                      ││                                      │
│                                      ││                                      │
│                                      ││                                      │
└──────────────────────────────────────┘└──────────────────────────────────────┘
┌ Commands (3) ────────────────────────┐┌ System (2) · pending 1 ──────────────┐
│ ACCEPTED  SHUTDOWN local_cmd_0099    ││[info] WebSocket connected and streami│
│Service accepted shutdown request; wai││[info] Initial runtime snapshot loaded│
│req T+09s -> acc T+10s                ││                                      │
│ ACK  PAUSE cmd_hist_0001             ││                                      │
│Strategy acknowledged pause and stoppe││                                      │
│req 2025-01-01T00:00:03Z -> acc 2025-0││                                      │
└──────────────────────────────────────┘└──────────────────────────────────────┘
────────────────────────────────────────────────────────────────────────────────
 Focus Fills | Tab panels | p/r run | c/f/s danger | Enter/Esc
