---
source: tui/src/render.rs
assertion_line: 2626
expression: snapshot
---
 GRID PLATFORM  XAUUSDT testnet running  HEALTHY  Focus Strategy Orders         
────────────────────────────────────────────────────────────────────────────────
 Dashboard   Grid   Market   Events   Help                                      
                                                                                
                                                                                
┌ Strategy Orders ─────────────────────────────────────────────────────────────┐
│┌ BUY ────────────────────────────────┐┌ SELL ───────────────────────────────┐│
││Price    Qty   Dist   Status         ││Price    Qty   Dist   Status         ││
││2358.80  0.120 -0.11% NEW            ││2368.30  0.100 +0.29% NEW            ││
││2352.80  0.100 -0.37% NEW            ││2376.60  0.140 +0.64% NEW            ││
││                                     ││                                     ││
││                                     ││                                     ││
││                                     ││                                     ││
│└─────────────────────────────────────┘└─────────────────────────────────────┘│
└──────────────────────────────────────────────────────────────────────────────┘
┌ Grid Summary ────────────────────────┐┌ Operator Notes ──────────────────────┐
│Status OCCUPIED   Bias long           ││Current Price 2361.48   Pending 0     │
│Lower 2336.68   Upper 2386.28         ││Session regular   Health HEALTHY      │
│Center 2361.48   Span 2.10%           ││Breaker OFF                           │
│Active 3   Occupied 3                 ││Grid levels are aligned with the      │
│                                      ││current strategy state.               │
└──────────────────────────────────────┘└──────────────────────────────────────┘
────────────────────────────────────────────────────────────────────────────────
 Focus Strategy Orders | Tab panels | p/r run | c/f/s danger | Enter/Esc
