---
source: tui/src/render.rs
expression: snapshot
---
 GRID PLATFORM  XAUUSDT testnet running  HEALTHY  stale 0ms  Focus Strategy Orders  Pending 0                           
 Dashboard   Grid   Market   Events   Help                                                                              
                                                                                                                        
                                                                                                                        
┌ Strategy Orders ──────────────────────────────────────────────────────────┐┌ Grid Summary ───────────────────────────┐
│Side   Price      Qty      Strategy   Placement                            ││Status  OCCUPIED                         │
│BUY    2336.68    0.100    Occupied   N/A                                  ││Lower  2336.76   Upper  2386.20          │
│BUY    2344.95    0.100    Occupied   N/A                                  ││Center  2361.48   Span  2.09%            │
│BUY    2353.21    0.100    Occupied   N/A                                  ││Active  3   Occupied  3   Pending  0     │
│SELL   2369.75    0.100    Active     Unknown                              │└─────────────────────────────────────────┘
│SELL   2378.01    0.100    Active     Unknown                              │┌ Operator Notes ─────────────────────────┐
│SELL   2386.28    0.100    Active     Unknown                              ││Current Price  2361.48                   │
│                                                                           ││Session  regular                         │
│                                                                           ││Health  HEALTHY                          │
│                                                                           ││Breaker  OFF                             │
└───────────────────────────────────────────────────────────────────────────┘└─────────────────────────────────────────┘
────────────────────────────────────────────────────────────────────────────────────────────────────────────────────────
 Focus Strategy Orders | 1-4 pages ? help | Tab/Shift-Tab panels | p/r runtime | c/f/s danger ops | Enter/Esc modal
